2025-05-28 10:14:53 WARNING [selenium.webdriver.common.selenium_manager:138] The chromedriver version (135.0.7049.84) detected in PATH at D:\python\Scripts\chromedriver.exe might not be compatible with the detected chrome version (136.0.7103.114); currently, chromedriver 136.0.7103.113 is recommended for chrome 136.*, so it is advised to delete the driver in PATH and retry
2025-05-28 10:14:55 INFO [conftest:22] 夹具初始化完成，浏览器启动成功
